// Jest Snapshot v1, https://goo.gl/fbAQLP

exports[`renders the UI as expected 1`] = `
<div
  className="view"
  id="recipeView"
>
  <div
    className="image-container"
  >
    <div
      className="image"
      style={
        Object {
          "backgroundImage": "url(undefined)",
        }
      }
    />
  </div>
  <p
    className="recipePageHeader"
  >
    Title:
  </p>
  <p
    className="recipeInfo"
  />
  <p
    className="recipePageHeader"
  >
    Recipe Ingredients:
  </p>
  <p
    className="recipeInfo"
  />
  <p
    className="recipePageHeader"
  >
    Recipe Instructions: 
  </p>
  <div
    className="recipeInfo"
  />
  <p
    className="recipePageHeader"
  >
    Time to make the recipe:
  </p>
  <p
    className="recipeInfo"
  >
     Minutes
  </p>
  <div
    className="buttonGroup"
  >
    <div>
      <div
        className="ownerSelectors"
      >
        <a
          className="editRecipe"
          href="/edit-recipe/undefined"
          onClick={[Function]}
        >
          <button
            className="medButton"
          >
            Edit Recipe
          </button>
        </a>
      </div>
    </div>
    <div>
      <div
        className="delete-recipe-button-div"
      >
        <button
          className="medButton"
          onClick={[Function]}
        >
          Delete Recipe
        </button>
      </div>
    </div>
    <a
      href="/recipes"
      onClick={[Function]}
    >
      <button
        className="cancel-view medButton"
      >
        Cancel
      </button>
    </a>
  </div>
</div>
`;
