// Jest Snapshot v1, https://goo.gl/fbAQLP

exports[`renders the UI as expected 1`] = `
<div
  className="searchRecipe"
>
  <form
    className="searchArea"
    onSubmit={[Function]}
  >
    <input
      id="searchBar"
      onChange={[Function]}
      placeholder="Search by ingredients"
      type="text"
    />
    <button
      id="searchButton"
      type="submit"
    >
      Search
    </button>
  </form>
  <section
    className="recipeResults"
  >
    <h2
      id="results"
    >
      Results:
    </h2>
  </section>
</div>
`;
