// Jest Snapshot v1, https://goo.gl/fbAQLP

exports[`renders the UI as expected 1`] = `
<div
  id="individual-mealplan-view"
>
  <section
    id="original-mealplan-data"
  >
    <h2
      id="update-header"
    >
      Update
    </h2>
    <p>
      Title: 
      <br />
      Planned date: 
      <br />
      Time to make: 
      <br />
      Ingredients required:
    </p>
  </section>
  <button
    id="update-mealplan-button"
    onClick={[Function]}
    type="submit"
  >
    Update
  </button>
  <button
    id="delete-mealplan-button"
    onClick={[Function]}
    type="submit"
  >
    Delete
  </button>
  <div />
  <button
    id="go-back-button"
    onClick={[Function]}
    type="submit"
  >
    Go back
  </button>
</div>
`;
