// Jest Snapshot v1, https://goo.gl/fbAQLP

exports[`renders the UI as expected 1`] = `
<div
  id="dashboard-container"
>
  <ul
    id="dashboard-links-list"
  >
    <a
      className="dashboard-link-text"
      href="/pantry"
      onClick={[Function]}
    >
      <li
        className="dashboard pantry"
      >
        Pantry
      </li>
    </a>
    <a
      className="dashboard-link-text"
      href="/recipes"
      onClick={[Function]}
    >
      <li
        className="dashboard recipes"
      >
        Recipes
      </li>
    </a>
    <a
      className="dashboard-link-text"
      href="/planner"
      onClick={[Function]}
    >
      <li
        className="dashboard meal-plan"
      >
        Plan a Meal
      </li>
    </a>
  </ul>
</div>
`;
